// Jest Snapshot v1, https://goo.gl/fbAQLP

exports[`ExpeneseForm renders 1`] = `
<div>
  <form
    novalidate=""
  >
    <button>
      Submit
    </button>
  </form>
</div>
`;
